C:\Users\opilane\Desktop>git init AdwenturePikaljov
Initialized empty Git repository in C:/Users/opilane/Desktop/AdwenturePikaljov/.git/

C:\Users\opilane\Desktop>cd


C:\Users\opilane\Desktop>cd AdwenturePikaljov


C:\Users\opilane\Desktop\AdwenturePikaljov>git config --global user.name "adrianapikaljov"


C:\Users\opilane\Desktop\AdwenturePikaljov>git config --global user.email "pikaljovadri@gmail.com"








C:\Users\opilane\Desktop\AdwenturePikaljov>git status
On branch master

No commits yet

Untracked files:
  (use "git add <file>..." to include in what will be committed)
        Uus Tekstidokument.txt

nothing added to commit but untracked files present (use "git add" to track)

C:\Users\opilane\Desktop\AdwenturePikaljov>git add .

C:\Users\opilane\Desktop\AdwenturePikaljov>git commit -a -m "git käsude fail on loodud"
[master (root-commit) 47a5850] git käsude fail on loodud
 1 file changed, 0 insertions(+), 0 deletions(-)
 create mode 100644 Uus Tekstidokument.txt

C:\Users\opilane\Desktop\AdwenturePikaljov>git status
On branch master
nothing to commit, working tree clean

git branch  adrianapikaljov
git checkout adrianapikaljov
git status
git add .
git commit -a -m "nimi on lisatud"
git push 
